MPLINK 5.08, LINKER
Linker Map File - Created Mon Nov 23 15:01:05 2020

                                 Section Info
                  Section       Type    Address   Location Size(Bytes)
                ---------  ---------  ---------  ---------  ---------
                 RES_VECT       code   0x000000    program   0x000002
                   .cinit    romdata   0x000001    program   0x000004
                 ISR_VECT       code   0x000004    program   0x000036
                MAIN_PROG       code   0x00001f    program   0x000176
.config_2007_BUILD/DEFAULT/DEBUG/PROYECTO_3.O       code   0x002007    program   0x000002
.config_2008_BUILD/DEFAULT/DEBUG/PROYECTO_3.O       code   0x002008    program   0x000002
                  GPR_VAR      udata   0x000020       data   0x00000c



                              Program Memory Usage 
                               Start         End      
                           ---------   ---------      
                            0x000000    0x000002      
                            0x000004    0x0000d9      
                            0x002007    0x002008      
            219 out of 8455 program addresses used, program memory utilization is 2%



                              Symbols - Sorted by Name
                     Name    Address   Location    Storage File                     
                ---------  ---------  ---------  --------- ---------                
                       AA   0x000075    program     static C:\Users\servi\MPLABXProjects\proyecto_3.X\proyecto_3.asm
                      AA2   0x000079    program     static C:\Users\servi\MPLABXProjects\proyecto_3.X\proyecto_3.asm
                  CONFIG1   0x0000d1    program     static C:\Users\servi\MPLABXProjects\proyecto_3.X\proyecto_3.asm
                  CONFIG2   0x0000d7    program     static C:\Users\servi\MPLABXProjects\proyecto_3.X\proyecto_3.asm
               CONFIG_ADC   0x0000bf    program     static C:\Users\servi\MPLABXProjects\proyecto_3.X\proyecto_3.asm
         CONFIG_INTERRUPT   0x0000c7    program     static C:\Users\servi\MPLABXProjects\proyecto_3.X\proyecto_3.asm
                CONFIG_IO   0x0000a2    program     static C:\Users\servi\MPLABXProjects\proyecto_3.X\proyecto_3.asm
              CONFIG_TMR0   0x0000b9    program     static C:\Users\servi\MPLABXProjects\proyecto_3.X\proyecto_3.asm
                    COSO1   0x000011    program     static C:\Users\servi\MPLABXProjects\proyecto_3.X\proyecto_3.asm
                    COSO2   0x000017    program     static C:\Users\servi\MPLABXProjects\proyecto_3.X\proyecto_3.asm
                 COSO_ADC   0x00000f    program     static C:\Users\servi\MPLABXProjects\proyecto_3.X\proyecto_3.asm
                  DELAY_1   0x0000cf    program     static C:\Users\servi\MPLABXProjects\proyecto_3.X\proyecto_3.asm
                  DELAY_2   0x0000d5    program     static C:\Users\servi\MPLABXProjects\proyecto_3.X\proyecto_3.asm
                ESCRITURA   0x000058    program     static C:\Users\servi\MPLABXProjects\proyecto_3.X\proyecto_3.asm
                 INC_MODO   0x00006f    program     static C:\Users\servi\MPLABXProjects\proyecto_3.X\proyecto_3.asm
                      ISR   0x000008    program     static C:\Users\servi\MPLABXProjects\proyecto_3.X\proyecto_3.asm
                     LEER   0x000046    program     static C:\Users\servi\MPLABXProjects\proyecto_3.X\proyecto_3.asm
                     LOOP   0x000024    program     static C:\Users\servi\MPLABXProjects\proyecto_3.X\proyecto_3.asm
                    MODO1   0x000037    program     static C:\Users\servi\MPLABXProjects\proyecto_3.X\proyecto_3.asm
                    MODO2   0x000034    program     static C:\Users\servi\MPLABXProjects\proyecto_3.X\proyecto_3.asm
                    MODO3   0x000033    program     static C:\Users\servi\MPLABXProjects\proyecto_3.X\proyecto_3.asm
                      POP   0x00000a    program     static C:\Users\servi\MPLABXProjects\proyecto_3.X\proyecto_3.asm
                   PRUEBA   0x000039    program     static C:\Users\servi\MPLABXProjects\proyecto_3.X\proyecto_3.asm
                     PUSH   0x000004    program     static C:\Users\servi\MPLABXProjects\proyecto_3.X\proyecto_3.asm
                   SERVOS   0x00003c    program     static C:\Users\servi\MPLABXProjects\proyecto_3.X\proyecto_3.asm
                    START   0x00001f    program     static C:\Users\servi\MPLABXProjects\proyecto_3.X\proyecto_3.asm
                 TERMINAR   0x00001c    program     static C:\Users\servi\MPLABXProjects\proyecto_3.X\proyecto_3.asm
                 UGHHHHHH   0x000082    program     static C:\Users\servi\MPLABXProjects\proyecto_3.X\proyecto_3.asm
          _MAIN_PROG_0047   0x000066    program     static C:\Users\servi\MPLABXProjects\proyecto_3.X\proyecto_3.asm
                  BANDERA   0x000024       data     static C:\Users\servi\MPLABXProjects\proyecto_3.X\proyecto_3.asm
                     COSO   0x00002b       data     static C:\Users\servi\MPLABXProjects\proyecto_3.X\proyecto_3.asm
                     MODO   0x000027       data     static C:\Users\servi\MPLABXProjects\proyecto_3.X\proyecto_3.asm
                     NADA   0x00002a       data     static C:\Users\servi\MPLABXProjects\proyecto_3.X\proyecto_3.asm
                   SERVO1   0x000025       data     static C:\Users\servi\MPLABXProjects\proyecto_3.X\proyecto_3.asm
                   SERVO2   0x000026       data     static C:\Users\servi\MPLABXProjects\proyecto_3.X\proyecto_3.asm
            SERVO2_EEPROM   0x000029       data     static C:\Users\servi\MPLABXProjects\proyecto_3.X\proyecto_3.asm
                  TIEMPOO   0x000028       data     static C:\Users\servi\MPLABXProjects\proyecto_3.X\proyecto_3.asm
                 TIEMPO_1   0x000020       data     static C:\Users\servi\MPLABXProjects\proyecto_3.X\proyecto_3.asm
                 TIEMPO_2   0x000021       data     static C:\Users\servi\MPLABXProjects\proyecto_3.X\proyecto_3.asm
               VAR_STATUS   0x000023       data     static C:\Users\servi\MPLABXProjects\proyecto_3.X\proyecto_3.asm
                   W_TEMP   0x000022       data     static C:\Users\servi\MPLABXProjects\proyecto_3.X\proyecto_3.asm



                              Symbols - Sorted by Address
                     Name    Address   Location    Storage File                     
                ---------  ---------  ---------  --------- ---------                
                     PUSH   0x000004    program     static C:\Users\servi\MPLABXProjects\proyecto_3.X\proyecto_3.asm
                      ISR   0x000008    program     static C:\Users\servi\MPLABXProjects\proyecto_3.X\proyecto_3.asm
                      POP   0x00000a    program     static C:\Users\servi\MPLABXProjects\proyecto_3.X\proyecto_3.asm
                 COSO_ADC   0x00000f    program     static C:\Users\servi\MPLABXProjects\proyecto_3.X\proyecto_3.asm
                    COSO1   0x000011    program     static C:\Users\servi\MPLABXProjects\proyecto_3.X\proyecto_3.asm
                    COSO2   0x000017    program     static C:\Users\servi\MPLABXProjects\proyecto_3.X\proyecto_3.asm
                 TERMINAR   0x00001c    program     static C:\Users\servi\MPLABXProjects\proyecto_3.X\proyecto_3.asm
                    START   0x00001f    program     static C:\Users\servi\MPLABXProjects\proyecto_3.X\proyecto_3.asm
                     LOOP   0x000024    program     static C:\Users\servi\MPLABXProjects\proyecto_3.X\proyecto_3.asm
                    MODO3   0x000033    program     static C:\Users\servi\MPLABXProjects\proyecto_3.X\proyecto_3.asm
                    MODO2   0x000034    program     static C:\Users\servi\MPLABXProjects\proyecto_3.X\proyecto_3.asm
                    MODO1   0x000037    program     static C:\Users\servi\MPLABXProjects\proyecto_3.X\proyecto_3.asm
                   PRUEBA   0x000039    program     static C:\Users\servi\MPLABXProjects\proyecto_3.X\proyecto_3.asm
                   SERVOS   0x00003c    program     static C:\Users\servi\MPLABXProjects\proyecto_3.X\proyecto_3.asm
                     LEER   0x000046    program     static C:\Users\servi\MPLABXProjects\proyecto_3.X\proyecto_3.asm
                ESCRITURA   0x000058    program     static C:\Users\servi\MPLABXProjects\proyecto_3.X\proyecto_3.asm
          _MAIN_PROG_0047   0x000066    program     static C:\Users\servi\MPLABXProjects\proyecto_3.X\proyecto_3.asm
                 INC_MODO   0x00006f    program     static C:\Users\servi\MPLABXProjects\proyecto_3.X\proyecto_3.asm
                       AA   0x000075    program     static C:\Users\servi\MPLABXProjects\proyecto_3.X\proyecto_3.asm
                      AA2   0x000079    program     static C:\Users\servi\MPLABXProjects\proyecto_3.X\proyecto_3.asm
                 UGHHHHHH   0x000082    program     static C:\Users\servi\MPLABXProjects\proyecto_3.X\proyecto_3.asm
                CONFIG_IO   0x0000a2    program     static C:\Users\servi\MPLABXProjects\proyecto_3.X\proyecto_3.asm
              CONFIG_TMR0   0x0000b9    program     static C:\Users\servi\MPLABXProjects\proyecto_3.X\proyecto_3.asm
               CONFIG_ADC   0x0000bf    program     static C:\Users\servi\MPLABXProjects\proyecto_3.X\proyecto_3.asm
         CONFIG_INTERRUPT   0x0000c7    program     static C:\Users\servi\MPLABXProjects\proyecto_3.X\proyecto_3.asm
                  DELAY_1   0x0000cf    program     static C:\Users\servi\MPLABXProjects\proyecto_3.X\proyecto_3.asm
                  CONFIG1   0x0000d1    program     static C:\Users\servi\MPLABXProjects\proyecto_3.X\proyecto_3.asm
                  DELAY_2   0x0000d5    program     static C:\Users\servi\MPLABXProjects\proyecto_3.X\proyecto_3.asm
                  CONFIG2   0x0000d7    program     static C:\Users\servi\MPLABXProjects\proyecto_3.X\proyecto_3.asm
                 TIEMPO_1   0x000020       data     static C:\Users\servi\MPLABXProjects\proyecto_3.X\proyecto_3.asm
                 TIEMPO_2   0x000021       data     static C:\Users\servi\MPLABXProjects\proyecto_3.X\proyecto_3.asm
                   W_TEMP   0x000022       data     static C:\Users\servi\MPLABXProjects\proyecto_3.X\proyecto_3.asm
               VAR_STATUS   0x000023       data     static C:\Users\servi\MPLABXProjects\proyecto_3.X\proyecto_3.asm
                  BANDERA   0x000024       data     static C:\Users\servi\MPLABXProjects\proyecto_3.X\proyecto_3.asm
                   SERVO1   0x000025       data     static C:\Users\servi\MPLABXProjects\proyecto_3.X\proyecto_3.asm
                   SERVO2   0x000026       data     static C:\Users\servi\MPLABXProjects\proyecto_3.X\proyecto_3.asm
                     MODO   0x000027       data     static C:\Users\servi\MPLABXProjects\proyecto_3.X\proyecto_3.asm
                  TIEMPOO   0x000028       data     static C:\Users\servi\MPLABXProjects\proyecto_3.X\proyecto_3.asm
            SERVO2_EEPROM   0x000029       data     static C:\Users\servi\MPLABXProjects\proyecto_3.X\proyecto_3.asm
                     NADA   0x00002a       data     static C:\Users\servi\MPLABXProjects\proyecto_3.X\proyecto_3.asm
                     COSO   0x00002b       data     static C:\Users\servi\MPLABXProjects\proyecto_3.X\proyecto_3.asm


