MPLINK 5.08, LINKER
Linker Map File - Created Tue Nov 17 15:00:15 2020

                                 Section Info
                  Section       Type    Address   Location Size(Bytes)
                ---------  ---------  ---------  ---------  ---------
                 RES_VECT       code   0x000000    program   0x000002
                   .cinit    romdata   0x000001    program   0x000004
                 ISR_VECT       code   0x000004    program   0x0000e0
                MAIN_PROG       code   0x000074    program   0x0000d4
.config_2007_BUILD/DEFAULT/PRODUCTION/PRUEBA3       code   0x002007    program   0x000002
.config_2008_BUILD/DEFAULT/PRODUCTION/PRUEBA3       code   0x002008    program   0x000002
                  GPR_VAR      udata   0x000020       data   0x00000c



                              Program Memory Usage 
                               Start         End      
                           ---------   ---------      
                            0x000000    0x000002      
                            0x000004    0x0000dd      
                            0x002007    0x002008      
            223 out of 8455 program addresses used, program memory utilization is 2%



                              Symbols - Sorted by Name
                     Name    Address   Location    Storage File                     
                ---------  ---------  ---------  --------- ---------                
                  APAGADO   0x00001a    program     static C:\Users\servi\MPLABXProjects\PRUEBA3.X\PRUEBA3.asm
                  CONFIG1   0x0000d0    program     static C:\Users\servi\MPLABXProjects\PRUEBA3.X\PRUEBA3.asm
                  CONFIG2   0x0000d6    program     static C:\Users\servi\MPLABXProjects\PRUEBA3.X\PRUEBA3.asm
               CONFIG_ADC   0x0000be    program     static C:\Users\servi\MPLABXProjects\PRUEBA3.X\PRUEBA3.asm
         CONFIG_INTERRUPT   0x0000c6    program     static C:\Users\servi\MPLABXProjects\PRUEBA3.X\PRUEBA3.asm
                CONFIG_IO   0x0000a4    program     static C:\Users\servi\MPLABXProjects\PRUEBA3.X\PRUEBA3.asm
               CONFIG_OSC   0x0000d9    program     static C:\Users\servi\MPLABXProjects\PRUEBA3.X\PRUEBA3.asm
              CONFIG_TMR0   0x0000b6    program     static C:\Users\servi\MPLABXProjects\PRUEBA3.X\PRUEBA3.asm
                    COSO1   0x000022    program     static C:\Users\servi\MPLABXProjects\PRUEBA3.X\PRUEBA3.asm
                    COSO2   0x00002a    program     static C:\Users\servi\MPLABXProjects\PRUEBA3.X\PRUEBA3.asm
                    COSO3   0x000033    program     static C:\Users\servi\MPLABXProjects\PRUEBA3.X\PRUEBA3.asm
                 COSO_ADC   0x00001e    program     static C:\Users\servi\MPLABXProjects\PRUEBA3.X\PRUEBA3.asm
                COSO_TMR0   0x000011    program     static C:\Users\servi\MPLABXProjects\PRUEBA3.X\PRUEBA3.asm
                  DELAY_1   0x0000ce    program     static C:\Users\servi\MPLABXProjects\PRUEBA3.X\PRUEBA3.asm
                  DELAY_2   0x0000d4    program     static C:\Users\servi\MPLABXProjects\PRUEBA3.X\PRUEBA3.asm
                      ISR   0x000008    program     static C:\Users\servi\MPLABXProjects\PRUEBA3.X\PRUEBA3.asm
                     LOOP   0x00007a    program     static C:\Users\servi\MPLABXProjects\PRUEBA3.X\PRUEBA3.asm
                     NEL1   0x000046    program     static C:\Users\servi\MPLABXProjects\PRUEBA3.X\PRUEBA3.asm
                     NEL2   0x00004d    program     static C:\Users\servi\MPLABXProjects\PRUEBA3.X\PRUEBA3.asm
                     NEL3   0x000054    program     static C:\Users\servi\MPLABXProjects\PRUEBA3.X\PRUEBA3.asm
                      POP   0x00000c    program     static C:\Users\servi\MPLABXProjects\PRUEBA3.X\PRUEBA3.asm
                 PRENDIDO   0x000016    program     static C:\Users\servi\MPLABXProjects\PRUEBA3.X\PRUEBA3.asm
                     PUSH   0x000004    program     static C:\Users\servi\MPLABXProjects\PRUEBA3.X\PRUEBA3.asm
                    START   0x000074    program     static C:\Users\servi\MPLABXProjects\PRUEBA3.X\PRUEBA3.asm
                    TABLA   0x000061    program     static C:\Users\servi\MPLABXProjects\PRUEBA3.X\PRUEBA3.asm
               TIEMPO_OFF   0x00003d    program     static C:\Users\servi\MPLABXProjects\PRUEBA3.X\PRUEBA3.asm
                TIEMPO_ON   0x000057    program     static C:\Users\servi\MPLABXProjects\PRUEBA3.X\PRUEBA3.asm
                 UGHHHHHH   0x000084    program     static C:\Users\servi\MPLABXProjects\PRUEBA3.X\PRUEBA3.asm
                  BANDERA   0x000024       data     static C:\Users\servi\MPLABXProjects\PRUEBA3.X\PRUEBA3.asm
                      OFF   0x00002b       data     static C:\Users\servi\MPLABXProjects\PRUEBA3.X\PRUEBA3.asm
                       ON   0x000029       data     static C:\Users\servi\MPLABXProjects\PRUEBA3.X\PRUEBA3.asm
                   SERVO1   0x000025       data     static C:\Users\servi\MPLABXProjects\PRUEBA3.X\PRUEBA3.asm
                   SERVO2   0x000026       data     static C:\Users\servi\MPLABXProjects\PRUEBA3.X\PRUEBA3.asm
                   SERVO3   0x000027       data     static C:\Users\servi\MPLABXProjects\PRUEBA3.X\PRUEBA3.asm
                SERVO_OFF   0x00002a       data     static C:\Users\servi\MPLABXProjects\PRUEBA3.X\PRUEBA3.asm
                 SERVO_ON   0x000028       data     static C:\Users\servi\MPLABXProjects\PRUEBA3.X\PRUEBA3.asm
                 TIEMPO_1   0x000020       data     static C:\Users\servi\MPLABXProjects\PRUEBA3.X\PRUEBA3.asm
                 TIEMPO_2   0x000021       data     static C:\Users\servi\MPLABXProjects\PRUEBA3.X\PRUEBA3.asm
               VAR_STATUS   0x000023       data     static C:\Users\servi\MPLABXProjects\PRUEBA3.X\PRUEBA3.asm
                   W_TEMP   0x000022       data     static C:\Users\servi\MPLABXProjects\PRUEBA3.X\PRUEBA3.asm



                              Symbols - Sorted by Address
                     Name    Address   Location    Storage File                     
                ---------  ---------  ---------  --------- ---------                
                     PUSH   0x000004    program     static C:\Users\servi\MPLABXProjects\PRUEBA3.X\PRUEBA3.asm
                      ISR   0x000008    program     static C:\Users\servi\MPLABXProjects\PRUEBA3.X\PRUEBA3.asm
                      POP   0x00000c    program     static C:\Users\servi\MPLABXProjects\PRUEBA3.X\PRUEBA3.asm
                COSO_TMR0   0x000011    program     static C:\Users\servi\MPLABXProjects\PRUEBA3.X\PRUEBA3.asm
                 PRENDIDO   0x000016    program     static C:\Users\servi\MPLABXProjects\PRUEBA3.X\PRUEBA3.asm
                  APAGADO   0x00001a    program     static C:\Users\servi\MPLABXProjects\PRUEBA3.X\PRUEBA3.asm
                 COSO_ADC   0x00001e    program     static C:\Users\servi\MPLABXProjects\PRUEBA3.X\PRUEBA3.asm
                    COSO1   0x000022    program     static C:\Users\servi\MPLABXProjects\PRUEBA3.X\PRUEBA3.asm
                    COSO2   0x00002a    program     static C:\Users\servi\MPLABXProjects\PRUEBA3.X\PRUEBA3.asm
                    COSO3   0x000033    program     static C:\Users\servi\MPLABXProjects\PRUEBA3.X\PRUEBA3.asm
               TIEMPO_OFF   0x00003d    program     static C:\Users\servi\MPLABXProjects\PRUEBA3.X\PRUEBA3.asm
                     NEL1   0x000046    program     static C:\Users\servi\MPLABXProjects\PRUEBA3.X\PRUEBA3.asm
                     NEL2   0x00004d    program     static C:\Users\servi\MPLABXProjects\PRUEBA3.X\PRUEBA3.asm
                     NEL3   0x000054    program     static C:\Users\servi\MPLABXProjects\PRUEBA3.X\PRUEBA3.asm
                TIEMPO_ON   0x000057    program     static C:\Users\servi\MPLABXProjects\PRUEBA3.X\PRUEBA3.asm
                    TABLA   0x000061    program     static C:\Users\servi\MPLABXProjects\PRUEBA3.X\PRUEBA3.asm
                    START   0x000074    program     static C:\Users\servi\MPLABXProjects\PRUEBA3.X\PRUEBA3.asm
                     LOOP   0x00007a    program     static C:\Users\servi\MPLABXProjects\PRUEBA3.X\PRUEBA3.asm
                 UGHHHHHH   0x000084    program     static C:\Users\servi\MPLABXProjects\PRUEBA3.X\PRUEBA3.asm
                CONFIG_IO   0x0000a4    program     static C:\Users\servi\MPLABXProjects\PRUEBA3.X\PRUEBA3.asm
              CONFIG_TMR0   0x0000b6    program     static C:\Users\servi\MPLABXProjects\PRUEBA3.X\PRUEBA3.asm
               CONFIG_ADC   0x0000be    program     static C:\Users\servi\MPLABXProjects\PRUEBA3.X\PRUEBA3.asm
         CONFIG_INTERRUPT   0x0000c6    program     static C:\Users\servi\MPLABXProjects\PRUEBA3.X\PRUEBA3.asm
                  DELAY_1   0x0000ce    program     static C:\Users\servi\MPLABXProjects\PRUEBA3.X\PRUEBA3.asm
                  CONFIG1   0x0000d0    program     static C:\Users\servi\MPLABXProjects\PRUEBA3.X\PRUEBA3.asm
                  DELAY_2   0x0000d4    program     static C:\Users\servi\MPLABXProjects\PRUEBA3.X\PRUEBA3.asm
                  CONFIG2   0x0000d6    program     static C:\Users\servi\MPLABXProjects\PRUEBA3.X\PRUEBA3.asm
               CONFIG_OSC   0x0000d9    program     static C:\Users\servi\MPLABXProjects\PRUEBA3.X\PRUEBA3.asm
                 TIEMPO_1   0x000020       data     static C:\Users\servi\MPLABXProjects\PRUEBA3.X\PRUEBA3.asm
                 TIEMPO_2   0x000021       data     static C:\Users\servi\MPLABXProjects\PRUEBA3.X\PRUEBA3.asm
                   W_TEMP   0x000022       data     static C:\Users\servi\MPLABXProjects\PRUEBA3.X\PRUEBA3.asm
               VAR_STATUS   0x000023       data     static C:\Users\servi\MPLABXProjects\PRUEBA3.X\PRUEBA3.asm
                  BANDERA   0x000024       data     static C:\Users\servi\MPLABXProjects\PRUEBA3.X\PRUEBA3.asm
                   SERVO1   0x000025       data     static C:\Users\servi\MPLABXProjects\PRUEBA3.X\PRUEBA3.asm
                   SERVO2   0x000026       data     static C:\Users\servi\MPLABXProjects\PRUEBA3.X\PRUEBA3.asm
                   SERVO3   0x000027       data     static C:\Users\servi\MPLABXProjects\PRUEBA3.X\PRUEBA3.asm
                 SERVO_ON   0x000028       data     static C:\Users\servi\MPLABXProjects\PRUEBA3.X\PRUEBA3.asm
                       ON   0x000029       data     static C:\Users\servi\MPLABXProjects\PRUEBA3.X\PRUEBA3.asm
                SERVO_OFF   0x00002a       data     static C:\Users\servi\MPLABXProjects\PRUEBA3.X\PRUEBA3.asm
                      OFF   0x00002b       data     static C:\Users\servi\MPLABXProjects\PRUEBA3.X\PRUEBA3.asm


