MPLINK 5.08, LINKER
Linker Map File - Created Thu Nov 26 02:21:33 2020

                                 Section Info
                  Section       Type    Address   Location Size(Bytes)
                ---------  ---------  ---------  ---------  ---------
                 RES_VECT       code   0x000000    program   0x000002
                   .cinit    romdata   0x000001    program   0x000004
                 ISR_VECT       code   0x000004    program   0x000108
                MAIN_PROG       code   0x000088    program   0x00022a
.config_2007_BUILD/DEFAULT/PRODUCTION/PROYECT       code   0x002007    program   0x000002
.config_2008_BUILD/DEFAULT/PRODUCTION/PROYECT       code   0x002008    program   0x000002
                  GPR_VAR      udata   0x000020       data   0x000019



                              Program Memory Usage 
                               Start         End      
                           ---------   ---------      
                            0x000000    0x000002      
                            0x000004    0x00019c      
                            0x002007    0x002008      
            414 out of 8455 program addresses used, program memory utilization is 4%



                              Symbols - Sorted by Name
                     Name    Address   Location    Storage File                     
                ---------  ---------  ---------  --------- ---------                
                       A1   0x000020    program     static C:\Users\servi\MPLABXProjects\proyecto_3.X\proyecto_3.asm
                       A2   0x00002c    program     static C:\Users\servi\MPLABXProjects\proyecto_3.X\proyecto_3.asm
                       AA   0x000109    program     static C:\Users\servi\MPLABXProjects\proyecto_3.X\proyecto_3.asm
                      AA2   0x00010d    program     static C:\Users\servi\MPLABXProjects\proyecto_3.X\proyecto_3.asm
                       B1   0x00003b    program     static C:\Users\servi\MPLABXProjects\proyecto_3.X\proyecto_3.asm
                       B2   0x000048    program     static C:\Users\servi\MPLABXProjects\proyecto_3.X\proyecto_3.asm
                 BANDERAS   0x000059    program     static C:\Users\servi\MPLABXProjects\proyecto_3.X\proyecto_3.asm
                  CONFIG1   0x000194    program     static C:\Users\servi\MPLABXProjects\proyecto_3.X\proyecto_3.asm
                  CONFIG2   0x00019a    program     static C:\Users\servi\MPLABXProjects\proyecto_3.X\proyecto_3.asm
               CONFIG_ADC   0x000167    program     static C:\Users\servi\MPLABXProjects\proyecto_3.X\proyecto_3.asm
         CONFIG_INTERRUPT   0x00016f    program     static C:\Users\servi\MPLABXProjects\proyecto_3.X\proyecto_3.asm
                CONFIG_IO   0x000148    program     static C:\Users\servi\MPLABXProjects\proyecto_3.X\proyecto_3.asm
               CONFIG_OSC   0x000136    program     static C:\Users\servi\MPLABXProjects\proyecto_3.X\proyecto_3.asm
            CONFIG_SERIAL   0x00017c    program     static C:\Users\servi\MPLABXProjects\proyecto_3.X\proyecto_3.asm
              CONFIG_TMR0   0x00013b    program     static C:\Users\servi\MPLABXProjects\proyecto_3.X\proyecto_3.asm
                    COSO1   0x000059    program     static C:\Users\servi\MPLABXProjects\proyecto_3.X\proyecto_3.asm
                    COSO2   0x00007d    program     static C:\Users\servi\MPLABXProjects\proyecto_3.X\proyecto_3.asm
                 COSO_ADC   0x000072    program     static C:\Users\servi\MPLABXProjects\proyecto_3.X\proyecto_3.asm
                  COSO_RX   0x000031    program     static C:\Users\servi\MPLABXProjects\proyecto_3.X\proyecto_3.asm
                COSO_TMR0   0x00004f    program     static C:\Users\servi\MPLABXProjects\proyecto_3.X\proyecto_3.asm
                  COSO_TX   0x000015    program     static C:\Users\servi\MPLABXProjects\proyecto_3.X\proyecto_3.asm
                  DELAY_1   0x000192    program     static C:\Users\servi\MPLABXProjects\proyecto_3.X\proyecto_3.asm
                  DELAY_2   0x000198    program     static C:\Users\servi\MPLABXProjects\proyecto_3.X\proyecto_3.asm
                ESCRITURA   0x0000d5    program     static C:\Users\servi\MPLABXProjects\proyecto_3.X\proyecto_3.asm
                 INC_MODO   0x000104    program     static C:\Users\servi\MPLABXProjects\proyecto_3.X\proyecto_3.asm
                      ISR   0x000008    program     static C:\Users\servi\MPLABXProjects\proyecto_3.X\proyecto_3.asm
                     LEER   0x0000a8    program     static C:\Users\servi\MPLABXProjects\proyecto_3.X\proyecto_3.asm
                     LOOP   0x00008f    program     static C:\Users\servi\MPLABXProjects\proyecto_3.X\proyecto_3.asm
                    MODO1   0x0000a6    program     static C:\Users\servi\MPLABXProjects\proyecto_3.X\proyecto_3.asm
                    MODO2   0x00009f    program     static C:\Users\servi\MPLABXProjects\proyecto_3.X\proyecto_3.asm
                    MODO3   0x00009e    program     static C:\Users\servi\MPLABXProjects\proyecto_3.X\proyecto_3.asm
                      POP   0x000010    program     static C:\Users\servi\MPLABXProjects\proyecto_3.X\proyecto_3.asm
               PRIMERCOSO   0x0000ec    program     static C:\Users\servi\MPLABXProjects\proyecto_3.X\proyecto_3.asm
                  PRIMERO   0x000019    program     static C:\Users\servi\MPLABXProjects\proyecto_3.X\proyecto_3.asm
                 PRIMEROR   0x000035    program     static C:\Users\servi\MPLABXProjects\proyecto_3.X\proyecto_3.asm
                     PUSH   0x000004    program     static C:\Users\servi\MPLABXProjects\proyecto_3.X\proyecto_3.asm
                  SEGUNDO   0x000025    program     static C:\Users\servi\MPLABXProjects\proyecto_3.X\proyecto_3.asm
                 SEGUNDOR   0x000042    program     static C:\Users\servi\MPLABXProjects\proyecto_3.X\proyecto_3.asm
             SEGUNDOSERVO   0x0000be    program     static C:\Users\servi\MPLABXProjects\proyecto_3.X\proyecto_3.asm
                    START   0x000088    program     static C:\Users\servi\MPLABXProjects\proyecto_3.X\proyecto_3.asm
                 TERMINAR   0x000085    program     static C:\Users\servi\MPLABXProjects\proyecto_3.X\proyecto_3.asm
                 UGHHHHHH   0x000116    program     static C:\Users\servi\MPLABXProjects\proyecto_3.X\proyecto_3.asm
                  BANDERA   0x000024       data     static C:\Users\servi\MPLABXProjects\proyecto_3.X\proyecto_3.asm
                 CONTADOR   0x00002d       data     static C:\Users\servi\MPLABXProjects\proyecto_3.X\proyecto_3.asm
                     COSO   0x00002c       data     static C:\Users\servi\MPLABXProjects\proyecto_3.X\proyecto_3.asm
                     MODO   0x000027       data     static C:\Users\servi\MPLABXProjects\proyecto_3.X\proyecto_3.asm
                     NADA   0x00002b       data     static C:\Users\servi\MPLABXProjects\proyecto_3.X\proyecto_3.asm
                 RECIBIDO   0x000031       data     static C:\Users\servi\MPLABXProjects\proyecto_3.X\proyecto_3.asm
                   SENAL3   0x000030       data     static C:\Users\servi\MPLABXProjects\proyecto_3.X\proyecto_3.asm
                   SERVO1   0x000025       data     static C:\Users\servi\MPLABXProjects\proyecto_3.X\proyecto_3.asm
            SERVO1_EEPROM   0x00002a       data     static C:\Users\servi\MPLABXProjects\proyecto_3.X\proyecto_3.asm
                 SERVO1_R   0x000037       data     static C:\Users\servi\MPLABXProjects\proyecto_3.X\proyecto_3.asm
                SERVO1_TX   0x000032       data     static C:\Users\servi\MPLABXProjects\proyecto_3.X\proyecto_3.asm
                   SERVO2   0x000026       data     static C:\Users\servi\MPLABXProjects\proyecto_3.X\proyecto_3.asm
            SERVO2_EEPROM   0x000029       data     static C:\Users\servi\MPLABXProjects\proyecto_3.X\proyecto_3.asm
                 SERVO2_R   0x000038       data     static C:\Users\servi\MPLABXProjects\proyecto_3.X\proyecto_3.asm
                SERVO2_TX   0x000033       data     static C:\Users\servi\MPLABXProjects\proyecto_3.X\proyecto_3.asm
                   SERVO3   0x00002e       data     static C:\Users\servi\MPLABXProjects\proyecto_3.X\proyecto_3.asm
                   SERVO4   0x00002f       data     static C:\Users\servi\MPLABXProjects\proyecto_3.X\proyecto_3.asm
                 SERVO_T1   0x000035       data     static C:\Users\servi\MPLABXProjects\proyecto_3.X\proyecto_3.asm
                 SERVO_T2   0x000034       data     static C:\Users\servi\MPLABXProjects\proyecto_3.X\proyecto_3.asm
                  TIEMPOO   0x000028       data     static C:\Users\servi\MPLABXProjects\proyecto_3.X\proyecto_3.asm
                 TIEMPO_1   0x000020       data     static C:\Users\servi\MPLABXProjects\proyecto_3.X\proyecto_3.asm
                 TIEMPO_2   0x000021       data     static C:\Users\servi\MPLABXProjects\proyecto_3.X\proyecto_3.asm
                     TX_B   0x000036       data     static C:\Users\servi\MPLABXProjects\proyecto_3.X\proyecto_3.asm
               VAR_STATUS   0x000023       data     static C:\Users\servi\MPLABXProjects\proyecto_3.X\proyecto_3.asm
                   W_TEMP   0x000022       data     static C:\Users\servi\MPLABXProjects\proyecto_3.X\proyecto_3.asm



                              Symbols - Sorted by Address
                     Name    Address   Location    Storage File                     
                ---------  ---------  ---------  --------- ---------                
                     PUSH   0x000004    program     static C:\Users\servi\MPLABXProjects\proyecto_3.X\proyecto_3.asm
                      ISR   0x000008    program     static C:\Users\servi\MPLABXProjects\proyecto_3.X\proyecto_3.asm
                      POP   0x000010    program     static C:\Users\servi\MPLABXProjects\proyecto_3.X\proyecto_3.asm
                  COSO_TX   0x000015    program     static C:\Users\servi\MPLABXProjects\proyecto_3.X\proyecto_3.asm
                  PRIMERO   0x000019    program     static C:\Users\servi\MPLABXProjects\proyecto_3.X\proyecto_3.asm
                       A1   0x000020    program     static C:\Users\servi\MPLABXProjects\proyecto_3.X\proyecto_3.asm
                  SEGUNDO   0x000025    program     static C:\Users\servi\MPLABXProjects\proyecto_3.X\proyecto_3.asm
                       A2   0x00002c    program     static C:\Users\servi\MPLABXProjects\proyecto_3.X\proyecto_3.asm
                  COSO_RX   0x000031    program     static C:\Users\servi\MPLABXProjects\proyecto_3.X\proyecto_3.asm
                 PRIMEROR   0x000035    program     static C:\Users\servi\MPLABXProjects\proyecto_3.X\proyecto_3.asm
                       B1   0x00003b    program     static C:\Users\servi\MPLABXProjects\proyecto_3.X\proyecto_3.asm
                 SEGUNDOR   0x000042    program     static C:\Users\servi\MPLABXProjects\proyecto_3.X\proyecto_3.asm
                       B2   0x000048    program     static C:\Users\servi\MPLABXProjects\proyecto_3.X\proyecto_3.asm
                COSO_TMR0   0x00004f    program     static C:\Users\servi\MPLABXProjects\proyecto_3.X\proyecto_3.asm
                 BANDERAS   0x000059    program     static C:\Users\servi\MPLABXProjects\proyecto_3.X\proyecto_3.asm
                    COSO1   0x000059    program     static C:\Users\servi\MPLABXProjects\proyecto_3.X\proyecto_3.asm
                 COSO_ADC   0x000072    program     static C:\Users\servi\MPLABXProjects\proyecto_3.X\proyecto_3.asm
                    COSO2   0x00007d    program     static C:\Users\servi\MPLABXProjects\proyecto_3.X\proyecto_3.asm
                 TERMINAR   0x000085    program     static C:\Users\servi\MPLABXProjects\proyecto_3.X\proyecto_3.asm
                    START   0x000088    program     static C:\Users\servi\MPLABXProjects\proyecto_3.X\proyecto_3.asm
                     LOOP   0x00008f    program     static C:\Users\servi\MPLABXProjects\proyecto_3.X\proyecto_3.asm
                    MODO3   0x00009e    program     static C:\Users\servi\MPLABXProjects\proyecto_3.X\proyecto_3.asm
                    MODO2   0x00009f    program     static C:\Users\servi\MPLABXProjects\proyecto_3.X\proyecto_3.asm
                    MODO1   0x0000a6    program     static C:\Users\servi\MPLABXProjects\proyecto_3.X\proyecto_3.asm
                     LEER   0x0000a8    program     static C:\Users\servi\MPLABXProjects\proyecto_3.X\proyecto_3.asm
             SEGUNDOSERVO   0x0000be    program     static C:\Users\servi\MPLABXProjects\proyecto_3.X\proyecto_3.asm
                ESCRITURA   0x0000d5    program     static C:\Users\servi\MPLABXProjects\proyecto_3.X\proyecto_3.asm
               PRIMERCOSO   0x0000ec    program     static C:\Users\servi\MPLABXProjects\proyecto_3.X\proyecto_3.asm
                 INC_MODO   0x000104    program     static C:\Users\servi\MPLABXProjects\proyecto_3.X\proyecto_3.asm
                       AA   0x000109    program     static C:\Users\servi\MPLABXProjects\proyecto_3.X\proyecto_3.asm
                      AA2   0x00010d    program     static C:\Users\servi\MPLABXProjects\proyecto_3.X\proyecto_3.asm
                 UGHHHHHH   0x000116    program     static C:\Users\servi\MPLABXProjects\proyecto_3.X\proyecto_3.asm
               CONFIG_OSC   0x000136    program     static C:\Users\servi\MPLABXProjects\proyecto_3.X\proyecto_3.asm
              CONFIG_TMR0   0x00013b    program     static C:\Users\servi\MPLABXProjects\proyecto_3.X\proyecto_3.asm
                CONFIG_IO   0x000148    program     static C:\Users\servi\MPLABXProjects\proyecto_3.X\proyecto_3.asm
               CONFIG_ADC   0x000167    program     static C:\Users\servi\MPLABXProjects\proyecto_3.X\proyecto_3.asm
         CONFIG_INTERRUPT   0x00016f    program     static C:\Users\servi\MPLABXProjects\proyecto_3.X\proyecto_3.asm
            CONFIG_SERIAL   0x00017c    program     static C:\Users\servi\MPLABXProjects\proyecto_3.X\proyecto_3.asm
                  DELAY_1   0x000192    program     static C:\Users\servi\MPLABXProjects\proyecto_3.X\proyecto_3.asm
                  CONFIG1   0x000194    program     static C:\Users\servi\MPLABXProjects\proyecto_3.X\proyecto_3.asm
                  DELAY_2   0x000198    program     static C:\Users\servi\MPLABXProjects\proyecto_3.X\proyecto_3.asm
                  CONFIG2   0x00019a    program     static C:\Users\servi\MPLABXProjects\proyecto_3.X\proyecto_3.asm
                 TIEMPO_1   0x000020       data     static C:\Users\servi\MPLABXProjects\proyecto_3.X\proyecto_3.asm
                 TIEMPO_2   0x000021       data     static C:\Users\servi\MPLABXProjects\proyecto_3.X\proyecto_3.asm
                   W_TEMP   0x000022       data     static C:\Users\servi\MPLABXProjects\proyecto_3.X\proyecto_3.asm
               VAR_STATUS   0x000023       data     static C:\Users\servi\MPLABXProjects\proyecto_3.X\proyecto_3.asm
                  BANDERA   0x000024       data     static C:\Users\servi\MPLABXProjects\proyecto_3.X\proyecto_3.asm
                   SERVO1   0x000025       data     static C:\Users\servi\MPLABXProjects\proyecto_3.X\proyecto_3.asm
                   SERVO2   0x000026       data     static C:\Users\servi\MPLABXProjects\proyecto_3.X\proyecto_3.asm
                     MODO   0x000027       data     static C:\Users\servi\MPLABXProjects\proyecto_3.X\proyecto_3.asm
                  TIEMPOO   0x000028       data     static C:\Users\servi\MPLABXProjects\proyecto_3.X\proyecto_3.asm
            SERVO2_EEPROM   0x000029       data     static C:\Users\servi\MPLABXProjects\proyecto_3.X\proyecto_3.asm
            SERVO1_EEPROM   0x00002a       data     static C:\Users\servi\MPLABXProjects\proyecto_3.X\proyecto_3.asm
                     NADA   0x00002b       data     static C:\Users\servi\MPLABXProjects\proyecto_3.X\proyecto_3.asm
                     COSO   0x00002c       data     static C:\Users\servi\MPLABXProjects\proyecto_3.X\proyecto_3.asm
                 CONTADOR   0x00002d       data     static C:\Users\servi\MPLABXProjects\proyecto_3.X\proyecto_3.asm
                   SERVO3   0x00002e       data     static C:\Users\servi\MPLABXProjects\proyecto_3.X\proyecto_3.asm
                   SERVO4   0x00002f       data     static C:\Users\servi\MPLABXProjects\proyecto_3.X\proyecto_3.asm
                   SENAL3   0x000030       data     static C:\Users\servi\MPLABXProjects\proyecto_3.X\proyecto_3.asm
                 RECIBIDO   0x000031       data     static C:\Users\servi\MPLABXProjects\proyecto_3.X\proyecto_3.asm
                SERVO1_TX   0x000032       data     static C:\Users\servi\MPLABXProjects\proyecto_3.X\proyecto_3.asm
                SERVO2_TX   0x000033       data     static C:\Users\servi\MPLABXProjects\proyecto_3.X\proyecto_3.asm
                 SERVO_T2   0x000034       data     static C:\Users\servi\MPLABXProjects\proyecto_3.X\proyecto_3.asm
                 SERVO_T1   0x000035       data     static C:\Users\servi\MPLABXProjects\proyecto_3.X\proyecto_3.asm
                     TX_B   0x000036       data     static C:\Users\servi\MPLABXProjects\proyecto_3.X\proyecto_3.asm
                 SERVO1_R   0x000037       data     static C:\Users\servi\MPLABXProjects\proyecto_3.X\proyecto_3.asm
                 SERVO2_R   0x000038       data     static C:\Users\servi\MPLABXProjects\proyecto_3.X\proyecto_3.asm


